BL51 BANKED LINKER/LOCATER V6.22                                                        11/07/2013  11:39:53  PAGE 1


BL51 BANKED LINKER/LOCATER V6.22, INVOKED BY:
C:\KEIL\C51\BIN\BL51.EXE .\HEX\74hc595.obj, .\HEX\Time.obj, .\HEX\display.obj, .\HEX\povdat.obj, .\HEX\IR.obj, .\HEX\Ext
>> i.obj, .\HEX\display_hand.obj, .\HEX\main.obj, .\HEX\IR_KEY.obj, .\HEX\EEPROM.obj, .\HEX\display_figure.obj TO .\HEX\
>> POV LED_V5_TEST_11_8 PRINT (.\POV LED_V5_TEST_11_8.m51) RAMSIZE (256)


MEMORY MODEL: SMALL


INPUT MODULES INCLUDED:
  .\HEX\74hc595.obj (74HC595)
  .\HEX\Time.obj (TIME)
  .\HEX\display.obj (DISPLAY)
  .\HEX\povdat.obj (POVDAT)
  .\HEX\IR.obj (IR)
  .\HEX\Exti.obj (EXTI)
  .\HEX\display_hand.obj (DISPLAY_HAND)
  .\HEX\main.obj (MAIN)
  .\HEX\IR_KEY.obj (IR_KEY)
  .\HEX\EEPROM.obj (EEPROM)
  .\HEX\display_figure.obj (DISPLAY_FIGURE)
  C:\KEIL\C51\LIB\C51S.LIB (?C_STARTUP)
  C:\KEIL\C51\LIB\C51S.LIB (?C?SIDIV)
  C:\KEIL\C51\LIB\C51S.LIB (?C?OFFXADD)
  C:\KEIL\C51\LIB\C51S.LIB (?C?CCASE)
  C:\KEIL\C51\LIB\C51S.LIB (?C_INIT)
  C:\KEIL\C51\LIB\C51S.LIB (?C?UIDIV)


LINK MAP OF MODULE:  .\HEX\POV LED_V5_TEST_11_8 (74HC595)


            TYPE    BASE      LENGTH    RELOCATION   SEGMENT NAME
            -----------------------------------------------------

            * * * * * * *   D A T A   M E M O R Y   * * * * * * *
            REG     0000H     0008H     ABSOLUTE     "REG BANK 0"
            REG     0008H     0008H     ABSOLUTE     "REG BANK 1"
            REG     0010H     0008H     ABSOLUTE     "REG BANK 2"
            DATA    0018H     0002H     UNIT         ?DT?EXTI
            DATA    001AH     0001H     UNIT         ?DT?IR_KEY
                    001BH     0005H                  *** GAP ***
            BIT     0020H.0   0001H.5   UNIT         ?BI?IR_KEY
            BIT     0021H.5   0000H.4   UNIT         ?BI?TIME
            BIT     0022H.1   0000H.3   UNIT         ?BI?IR
            BIT     0022H.4   0000H.1   UNIT         ?BI?DISPLAY
                    0022H.5   0000H.3                *** GAP ***
            DATA    0023H     0026H     UNIT         ?DT?IR
            DATA    0049H     0012H     UNIT         ?DT?TIME
            DATA    005BH     000EH     UNIT         _DATA_GROUP_
            DATA    0069H     0009H     UNIT         ?DT?DISPLAY
            IDATA   0072H     0001H     UNIT         ?STACK

            * * * * * * *  X D A T A   M E M O R Y  * * * * * * *
            XDATA   0000H     0438H     UNIT         ?XD?DISPLAY
            XDATA   0438H     0013H     UNIT         ?XD?DISPLAY_FIGURE

            * * * * * * *   C O D E   M E M O R Y   * * * * * * *
BL51 BANKED LINKER/LOCATER V6.22                                                      11/07/2013  11:39:53  PAGE 2


            CODE    0000H     0003H     ABSOLUTE     
            CODE    0003H     0003H     ABSOLUTE     
                    0006H     0005H                  *** GAP ***
            CODE    000BH     0003H     ABSOLUTE     
                    000EH     0005H                  *** GAP ***
            CODE    0013H     0003H     ABSOLUTE     
                    0016H     0005H                  *** GAP ***
            CODE    001BH     0003H     ABSOLUTE     
            CODE    001EH     0720H     UNIT         ?CO?POVDAT
            CODE    073EH     0309H     UNIT         ?PR?DISPLAY_HAND?DISPLAY_HAND
            CODE    0A47H     0262H     UNIT         ?PR?DISPLAY_FIGURE?DISPLAY_FIGURE
            CODE    0CA9H     018FH     UNIT         ?PR?MAIN?MAIN
            CODE    0E38H     0100H     UNIT         ?PR?KEY_CONT?IR_KEY
            CODE    0F38H     00D2H     UNIT         ?PR?TIMER1?TIME
            CODE    100AH     00BDH     UNIT         ?C?LIB_CODE
            CODE    10C7H     00B7H     UNIT         ?PR?DISPLAY_PIC?DISPLAY
            CODE    117EH     00ACH     UNIT         ?PR?PIC_CHANG?DISPLAY
            CODE    122AH     008FH     UNIT         ?PR?TIME_REFURBISH?DISPLAY_FIGURE
            CODE    12B9H     008CH     UNIT         ?C_C51STARTUP
            CODE    1345H     0053H     UNIT         ?PR?TIMER0?TIME
            CODE    1398H     004DH     UNIT         ?PR?EXT_INT0?EXTI
            CODE    13E5H     0043H     UNIT         ?PR?IR_PROS?IR
            CODE    1428H     003FH     UNIT         ?PR?INT1_IR?IR
            CODE    1467H     0029H     UNIT         ?PR?_SEND_DATA_A?74HC595
            CODE    1490H     0029H     UNIT         ?PR?_SEND_DATA_B?74HC595
            CODE    14B9H     0024H     UNIT         ?C_INITSEG
            CODE    14DDH     001BH     UNIT         ?PR?TIME_INIT?TIME
            CODE    14F8H     0017H     UNIT         ?PR?_IAPREADBYTE?EEPROM
            CODE    150FH     0016H     UNIT         ?PR?_IAPPROGRAMBYTE?EEPROM
            CODE    1525H     0014H     UNIT         ?PR?_IAPERASESECTOR?EEPROM
            CODE    1539H     000DH     UNIT         ?PR?IAPIDLE?EEPROM
            CODE    1546H     000BH     UNIT         ?PR?EXTI_INIT?EXTI
            CODE    1551H     0009H     UNIT         ?PR?DELAY?74HC595
            CODE    155AH     0007H     UNIT         ?PR?DIS_OPEN?74HC595
            CODE    1561H     0007H     UNIT         ?PR?DIS_CLOSE?74HC595



OVERLAY MAP OF MODULE:   .\HEX\POV LED_V5_TEST_11_8 (74HC595)


SEGMENT                                     DATA_GROUP 
  +--> CALLED SEGMENT                     START    LENGTH
---------------------------------------------------------
?PR?TIMER1?TIME                           005BH    000AH

*** NEW ROOT ***************************************************

?C_C51STARTUP                             -----    -----
  +--> ?PR?MAIN?MAIN
  +--> ?C_INITSEG

?PR?MAIN?MAIN                             0065H    0002H
  +--> ?PR?EXTI_INIT?EXTI
  +--> ?PR?TIME_INIT?TIME
  +--> ?PR?_IAPREADBYTE?EEPROM
  +--> ?CO?POVDAT
BL51 BANKED LINKER/LOCATER V6.22                                                      11/07/2013  11:39:53  PAGE 3


  +--> ?PR?KEY_CONT?IR_KEY
  +--> ?PR?DISPLAY_PIC?DISPLAY
  +--> ?PR?DISPLAY_HAND?DISPLAY_HAND
  +--> ?PR?DISPLAY_FIGURE?DISPLAY_FIGURE

?PR?_IAPREADBYTE?EEPROM                   -----    -----
  +--> ?PR?IAPIDLE?EEPROM

?PR?KEY_CONT?IR_KEY                       -----    -----
  +--> ?PR?IR_PROS?IR

?PR?DISPLAY_PIC?DISPLAY                   -----    -----
  +--> ?PR?DIS_CLOSE?74HC595
  +--> ?PR?PIC_CHANG?DISPLAY
  +--> ?PR?_SEND_DATA_A?74HC595
  +--> ?PR?_SEND_DATA_B?74HC595
  +--> ?PR?DIS_OPEN?74HC595
  +--> ?PR?DELAY?74HC595

?PR?PIC_CHANG?DISPLAY                     0067H    0001H
  +--> ?PR?_IAPREADBYTE?EEPROM

?PR?DISPLAY_HAND?DISPLAY_HAND             0067H    0002H
  +--> ?PR?_SEND_DATA_A?74HC595
  +--> ?PR?_SEND_DATA_B?74HC595
  +--> ?PR?DIS_OPEN?74HC595
  +--> ?PR?DELAY?74HC595
  +--> ?PR?DIS_CLOSE?74HC595

?PR?DISPLAY_FIGURE?DISPLAY_FIGURE         0067H    0001H
  +--> ?PR?TIME_REFURBISH?DISPLAY_FIGURE
  +--> ?PR?DIS_CLOSE?74HC595
  +--> ?CO?POVDAT
  +--> ?PR?_SEND_DATA_A?74HC595
  +--> ?PR?_SEND_DATA_B?74HC595
  +--> ?PR?DIS_OPEN?74HC595
  +--> ?PR?DELAY?74HC595



UNRESOLVED EXTERNAL SYMBOLS:
   NUM



SYMBOL TABLE OF MODULE:  .\HEX\POV LED_V5_TEST_11_8 (74HC595)

  VALUE           TYPE          NAME
  ----------------------------------

  -------         MODULE        74HC595
  C:0000H         SYMBOL        _ICE_DUMMY_
  D:0080H         PUBLIC        P0
  D:0090H         PUBLIC        P1
  D:00A0H         PUBLIC        P2
  D:00B0H         PUBLIC        P3
  D:00C0H         PUBLIC        P4
BL51 BANKED LINKER/LOCATER V6.22                                                      11/07/2013  11:39:53  PAGE 4


  D:00C8H         PUBLIC        P5
  D:00A8H         PUBLIC        IE
  C:1551H         PUBLIC        delay
  D:00B8H         PUBLIC        IP
  B:0090H.1       PUBLIC        SDAA
  B:00B0H.4       PUBLIC        SDAB
  B:0090H.3       PUBLIC        SCKA
  B:00B0H.7       PUBLIC        SCKB
  D:00D8H         PUBLIC        CCON
  C:1467H         PUBLIC        _Send_data_A
  C:1490H         PUBLIC        _Send_data_B
  D:0098H         PUBLIC        SCON
  D:0088H         PUBLIC        TCON
  C:1561H         PUBLIC        dis_close
  B:0090H.2       PUBLIC        STRA
  B:00B0H.6       PUBLIC        STRB
  D:00F0H         PUBLIC        B
  D:00E0H         PUBLIC        ACC
  B:00C0H.7       PUBLIC        OEA
  C:155AH         PUBLIC        dis_open
  B:00C0H.4       PUBLIC        OEB
  B:00C0H.0       PUBLIC        OEC
  D:00D0H         PUBLIC        PSW
  -------         PROC          DELAY
  -------         DO            
  D:0006H         SYMBOL        a
  D:0007H         SYMBOL        b
  -------         ENDDO         
  C:1551H         LINE#         22
  C:1551H         LINE#         23
  C:1551H         LINE#         25
  C:1553H         LINE#         26
  C:1559H         LINE#         27
  -------         ENDPROC       DELAY
  -------         PROC          _SEND_DATA_A
  D:0007H         SYMBOL        dat1
  D:0005H         SYMBOL        dat2
  -------         DO            
  D:0006H         SYMBOL        i
  -------         ENDDO         
  C:1467H         LINE#         29
  C:1467H         LINE#         30
  C:1467H         LINE#         32
  C:1469H         LINE#         33
  C:1469H         LINE#         34
  C:146BH         LINE#         35
  C:146FH         LINE#         36
  C:1473H         LINE#         37
  C:1475H         LINE#         38
  C:1479H         LINE#         39
  C:147BH         LINE#         40
  C:147BH         LINE#         41
  C:147DH         LINE#         42
  C:1481H         LINE#         43
  C:1485H         LINE#         44
  C:1487H         LINE#         45
  C:148BH         LINE#         46
BL51 BANKED LINKER/LOCATER V6.22                                                      11/07/2013  11:39:53  PAGE 5


  C:148DH         LINE#         47
  C:148FH         LINE#         49
  -------         ENDPROC       _SEND_DATA_A
  -------         PROC          _SEND_DATA_B
  D:0007H         SYMBOL        temp1
  D:0005H         SYMBOL        temp2
  -------         DO            
  D:0006H         SYMBOL        i
  -------         ENDDO         
  C:1490H         LINE#         51
  C:1490H         LINE#         52
  C:1490H         LINE#         54
  C:1492H         LINE#         55
  C:1492H         LINE#         56
  C:1494H         LINE#         57
  C:1498H         LINE#         58
  C:149CH         LINE#         59
  C:149EH         LINE#         60
  C:14A2H         LINE#         61
  C:14A4H         LINE#         62
  C:14A4H         LINE#         63
  C:14A6H         LINE#         64
  C:14AAH         LINE#         65
  C:14AEH         LINE#         66
  C:14B0H         LINE#         67
  C:14B4H         LINE#         68
  C:14B6H         LINE#         69
  C:14B8H         LINE#         70
  -------         ENDPROC       _SEND_DATA_B
  -------         PROC          DIS_OPEN
  C:155AH         LINE#         73
  C:155AH         LINE#         74
  C:155AH         LINE#         75
  C:1560H         LINE#         76
  -------         ENDPROC       DIS_OPEN
  -------         PROC          DIS_CLOSE
  C:1561H         LINE#         78
  C:1561H         LINE#         79
  C:1561H         LINE#         80
  C:1567H         LINE#         81
  -------         ENDPROC       DIS_CLOSE
  -------         ENDMOD        74HC595

  -------         MODULE        TIME
  C:0000H         SYMBOL        _ICE_DUMMY_
  D:0049H         PUBLIC        second
  D:0080H         PUBLIC        P0
  D:0090H         PUBLIC        P1
  D:00A0H         PUBLIC        P2
  D:00B0H         PUBLIC        P3
  D:00C0H         PUBLIC        P4
  D:00C8H         PUBLIC        P5
  B:00C0H.5       PUBLIC        LED0
  D:004AH         PUBLIC        irtime
  D:00A8H         PUBLIC        IE
  D:004BH         PUBLIC        speed
  B:0021H.5       PUBLIC        pic_red_ok
BL51 BANKED LINKER/LOCATER V6.22                                                      11/07/2013  11:39:53  PAGE 6


  D:004CH         PUBLIC        minute
  D:00B8H         PUBLIC        IP
  B:0021H.6       PUBLIC        open_close_flang
  D:00D8H         PUBLIC        CCON
  C:14DDH         PUBLIC        Time_init
  D:004DH         PUBLIC        month
  D:004EH         PUBLIC        week
  D:004FH         PUBLIC        year
  D:0098H         PUBLIC        SCON
  D:0089H         PUBLIC        TMOD
  D:0088H         PUBLIC        TCON
  D:0050H         PUBLIC        T0_S
  B:0021H.7       PUBLIC        Time0_flag
  D:0052H         PUBLIC        day
  D:0053H         PUBLIC        hour
  D:00F0H         PUBLIC        B
  D:008EH         PUBLIC        AUXR
  D:0054H         PUBLIC        Pt
  D:00E0H         PUBLIC        ACC
  B:00A8H.1       PUBLIC        ET0
  B:00A8H.3       PUBLIC        ET1
  D:008CH         PUBLIC        TH0
  D:008DH         PUBLIC        TH1
  D:008AH         PUBLIC        TL0
  D:008BH         PUBLIC        TL1
  C:1345H         PUBLIC        timer0
  C:0F38H         PUBLIC        timer1
  B:0088H.4       PUBLIC        TR0
  B:0088H.6       PUBLIC        TR1
  D:0056H         PUBLIC        line_vol
  D:0058H         PUBLIC        line_now
  B:0022H.0       PUBLIC        pic_ch_flag
  D:005AH         PUBLIC        speedsum
  D:00D0H         PUBLIC        PSW
  -------         PROC          TIME_INIT
  C:14DDH         LINE#         16
  C:14DDH         LINE#         17
  C:14DDH         LINE#         18
  C:14E0H         LINE#         29
  C:14E3H         LINE#         41
  C:14E6H         LINE#         42
  C:14E9H         LINE#         45
  C:14ECH         LINE#         46
  C:14EFH         LINE#         47
  C:14F1H         LINE#         48
  C:14F3H         LINE#         51
  C:14F5H         LINE#         52
  C:14F7H         LINE#         55
  -------         ENDPROC       TIME_INIT
  -------         PROC          TIMER0
  C:1345H         LINE#         65
  C:134CH         LINE#         67
  C:134EH         LINE#         68
  C:1350H         LINE#         69
  C:135EH         LINE#         70
  C:1366H         LINE#         71
  C:137AH         LINE#         72
BL51 BANKED LINKER/LOCATER V6.22                                                      11/07/2013  11:39:53  PAGE 7


  C:1385H         LINE#         73
  C:1391H         LINE#         74
  C:1393H         LINE#         75
  -------         ENDPROC       TIMER0
  -------         PROC          TIMER1
  -------         DO            
  D:005BH         SYMBOL        s
  D:005DH         SYMBOL        j
  D:005FH         SYMBOL        k
  D:0061H         SYMBOL        n
  D:0063H         SYMBOL        c
  -------         ENDDO         
  C:0F38H         LINE#         86
  C:0F3CH         LINE#         89
  C:0F5EH         LINE#         90
  C:0F6CH         LINE#         91
  C:0F7EH         LINE#         95
  C:0F88H         LINE#         96
  C:0F88H         LINE#         97
  C:0F8EH         LINE#         98
  C:0F96H         LINE#         99
  C:0F9FH         LINE#         100
  C:0FA5H         LINE#         101
  C:0FA5H         LINE#         102
  C:0FB1H         LINE#         103
  C:0FB1H         LINE#         104
  C:0FB5H         LINE#         105
  C:0FB8H         LINE#         106
  C:0FBAH         LINE#         107
  C:0FBCH         LINE#         108
  C:0FC4H         LINE#         118
  C:0FCAH         LINE#         119
  C:0FCAH         LINE#         120
  C:0FCEH         LINE#         123
  C:0FCEH         LINE#         126
  C:0FD6H         LINE#         127
  C:0FDFH         LINE#         128
  C:0FDFH         LINE#         129
  C:0FE5H         LINE#         130
  C:0FE5H         LINE#         132
  C:0FE5H         LINE#         133
  C:0FE7H         LINE#         134
  C:0FE7H         LINE#         135
  C:0FECH         LINE#         136
  C:0FECH         LINE#         137
  C:0FEFH         LINE#         138
  C:0FF1H         LINE#         139
  C:0FF6H         LINE#         140
  C:0FF6H         LINE#         141
  C:0FF9H         LINE#         142
  C:0FFBH         LINE#         143
  C:1002H         LINE#         144
  C:1002H         LINE#         145
  C:1005H         LINE#         146
  C:1005H         LINE#         147
  C:1005H         LINE#         148
  C:1005H         LINE#         149
BL51 BANKED LINKER/LOCATER V6.22                                                      11/07/2013  11:39:53  PAGE 8


  C:1005H         LINE#         150
  -------         ENDPROC       TIMER1
  -------         ENDMOD        TIME

  -------         MODULE        DISPLAY
  C:0000H         SYMBOL        _ICE_DUMMY_
  D:0080H         PUBLIC        P0
  D:0090H         PUBLIC        P1
  D:00A0H         PUBLIC        P2
  D:00B0H         PUBLIC        P3
  D:00C0H         PUBLIC        P4
  D:00C8H         PUBLIC        P5
  B:00C0H.5       PUBLIC        LED0
  B:0090H.4       PUBLIC        LED1
  D:00A8H         PUBLIC        IE
  C:10C7H         PUBLIC        display_pic
  D:00B8H         PUBLIC        IP
  X:0000H         PUBLIC        pov_hz
  C:117EH         PUBLIC        pic_chang
  D:00D8H         PUBLIC        CCON
  D:0098H         PUBLIC        SCON
  D:0088H         PUBLIC        TCON
  D:00F0H         PUBLIC        B
  D:00E0H         PUBLIC        ACC
  D:0069H         PUBLIC        picaddr
  D:006BH         PUBLIC        pic_id
  D:006CH         PUBLIC        dat1
  D:006DH         PUBLIC        dat2
  D:006EH         PUBLIC        dat3
  D:006FH         PUBLIC        dat4
  D:0070H         PUBLIC        dat5
  D:0071H         PUBLIC        dat6
  B:0022H.4       PUBLIC        pic_rd_flag
  X:0168H         PUBLIC        pov_pic
  D:00D0H         PUBLIC        PSW
  -------         PROC          PIC_CHANG
  -------         DO            
  D:0067H         SYMBOL        i
  -------         ENDDO         
  C:117EH         LINE#         65
  C:117EH         LINE#         66
  C:117EH         LINE#         68
  C:1184H         LINE#         69
  C:1184H         LINE#         70
  C:1186H         LINE#         71
  C:118CH         LINE#         72
  C:118CH         LINE#         88
  C:118CH         LINE#         89
  C:11A5H         LINE#         90
  C:11C3H         LINE#         91
  C:11E1H         LINE#         92
  C:11FFH         LINE#         97
  C:120CH         LINE#         98
  C:1213H         LINE#         99
  C:1213H         LINE#         100
  C:1216H         LINE#         101
  C:121AH         LINE#         102
BL51 BANKED LINKER/LOCATER V6.22                                                      11/07/2013  11:39:53  PAGE 9


  C:121AH         LINE#         104
  C:1224H         LINE#         112
  C:1224H         LINE#         113
  C:1229H         LINE#         115
  C:1229H         LINE#         117
  C:1229H         LINE#         118
  C:1229H         LINE#         119
  C:1229H         LINE#         120
  -------         ENDPROC       PIC_CHANG
  -------         PROC          DISPLAY_PIC
  -------         DO            
  D:0007H         SYMBOL        temp
  -------         ENDDO         
  C:10C7H         LINE#         122
  C:10C7H         LINE#         123
  C:10C7H         LINE#         126
  C:10CAH         LINE#         127
  C:10D0H         LINE#         128
  C:10D3H         LINE#         129
  C:10D9H         LINE#         130
  C:10D9H         LINE#         131
  C:10DBH         LINE#         132
  C:10DFH         LINE#         133
  C:10E7H         LINE#         134
  C:10E7H         LINE#         137
  C:10FAH         LINE#         138
  C:110DH         LINE#         139
  C:1120H         LINE#         140
  C:1133H         LINE#         149
  C:1149H         LINE#         150
  C:1156H         LINE#         152
  C:1158H         LINE#         153
  C:115AH         LINE#         154
  C:1161H         LINE#         156
  C:1168H         LINE#         160
  C:116BH         LINE#         161
  C:116EH         LINE#         162
  C:1171H         LINE#         164
  C:1174H         LINE#         167
  C:1177H         LINE#         168
  C:117DH         LINE#         169
  C:117DH         LINE#         171
  C:117DH         LINE#         172
  -------         ENDPROC       DISPLAY_PIC
  -------         ENDMOD        DISPLAY

  -------         MODULE        POVDAT
  C:0000H         SYMBOL        _ICE_DUMMY_
  D:0080H         PUBLIC        P0
  D:0090H         PUBLIC        P1
  D:00A0H         PUBLIC        P2
  D:00B0H         PUBLIC        P3
  D:00C0H         PUBLIC        P4
  D:00C8H         PUBLIC        P5
  D:00A8H         PUBLIC        IE
  D:00B8H         PUBLIC        IP
  C:02EEH         PUBLIC        hanzi
BL51 BANKED LINKER/LOCATER V6.22                                                      11/07/2013  11:39:53  PAGE 10


  D:00D8H         PUBLIC        CCON
  C:05BEH         PUBLIC        zhifu
  D:0098H         PUBLIC        SCON
  D:0088H         PUBLIC        TCON
  D:00F0H         PUBLIC        B
  D:00E0H         PUBLIC        ACC
  C:068EH         PUBLIC        zhifu1
  C:001EH         PUBLIC        pic2
  D:00D0H         PUBLIC        PSW
  -------         ENDMOD        POVDAT

  -------         MODULE        IR
  C:0000H         SYMBOL        _ICE_DUMMY_
  B:0022H.1       PUBLIC        irprosok
  D:0080H         PUBLIC        P0
  D:0090H         PUBLIC        P1
  D:00A0H         PUBLIC        P2
  D:00B0H         PUBLIC        P3
  D:00C0H         PUBLIC        P4
  D:00C8H         PUBLIC        P5
  D:00A8H         PUBLIC        IE
  D:0023H         PUBLIC        bitnum
  C:1428H         PUBLIC        INT1_IR
  D:00B8H         PUBLIC        IP
  D:00D8H         PUBLIC        CCON
  D:0098H         PUBLIC        SCON
  D:0088H         PUBLIC        TCON
  D:00F0H         PUBLIC        B
  C:13E5H         PUBLIC        IR_pros
  D:00E0H         PUBLIC        ACC
  B:0022H.2       PUBLIC        startflag
  B:0022H.3       PUBLIC        irreceok
  D:0024H         PUBLIC        irdata
  D:0045H         PUBLIC        ircode
  D:00D0H         PUBLIC        PSW
  -------         PROC          IR_PROS
  -------         DO            
  D:0005H         SYMBOL        i
  D:0004H         SYMBOL        j
  D:0006H         SYMBOL        k
  D:0007H         SYMBOL        value
  -------         ENDDO         
  C:13E5H         LINE#         13
  C:13E5H         LINE#         14
  C:13E5H         LINE#         17
  C:13E7H         LINE#         18
  C:13E9H         LINE#         19
  C:13E9H         LINE#         20
  C:13EBH         LINE#         21
  C:13EBH         LINE#         22
  C:13F5H         LINE#         23
  C:13F5H         LINE#         24
  C:13F8H         LINE#         25
  C:13FAH         LINE#         27
  C:13FAH         LINE#         29
  C:13FAH         LINE#         30
  C:13FAH         LINE#         31
BL51 BANKED LINKER/LOCATER V6.22                                                      11/07/2013  11:39:53  PAGE 11


  C:1400H         LINE#         32
  C:1400H         LINE#         33
  C:1404H         LINE#         34
  C:1404H         LINE#         35
  C:1405H         LINE#         36
  C:1409H         LINE#         37
  C:140FH         LINE#         38
  C:1411H         LINE#         39
  C:1415H         LINE#         40
  C:1425H         LINE#         41
  C:1427H         LINE#         68
  -------         ENDPROC       IR_PROS
  -------         PROC          INT1_IR
  C:1428H         LINE#         76
  C:142FH         LINE#         78
  C:1432H         LINE#         79
  C:1432H         LINE#         80
  C:1440H         LINE#         82
  C:1440H         LINE#         83
  C:1443H         LINE#         84
  C:1443H         LINE#         85
  C:144AH         LINE#         86
  C:144DH         LINE#         87
  C:144FH         LINE#         88
  C:1454H         LINE#         89
  C:1454H         LINE#         90
  C:1456H         LINE#         91
  C:1459H         LINE#         92
  C:145BH         LINE#         93
  C:145BH         LINE#         95
  C:145DH         LINE#         97
  C:145DH         LINE#         98
  C:1460H         LINE#         99
  C:1462H         LINE#         100
  C:1462H         LINE#         101
  -------         ENDPROC       INT1_IR
  -------         ENDMOD        IR

  -------         MODULE        EXTI
  C:0000H         SYMBOL        _ICE_DUMMY_
  D:0080H         PUBLIC        P0
  D:0090H         PUBLIC        P1
  D:00A0H         PUBLIC        P2
  D:00B0H         PUBLIC        P3
  D:00C0H         PUBLIC        P4
  D:00C8H         PUBLIC        P5
  B:00A8H.7       PUBLIC        EA
  D:00A8H         PUBLIC        IE
  D:00B8H         PUBLIC        IP
  D:00D8H         PUBLIC        CCON
  C:1398H         PUBLIC        Ext_INT0
  C:1546H         PUBLIC        Exti_init
  D:0098H         PUBLIC        SCON
  D:0088H         PUBLIC        TCON
  D:00F0H         PUBLIC        B
  D:0018H         PUBLIC        D
  D:00E0H         PUBLIC        ACC
BL51 BANKED LINKER/LOCATER V6.22                                                      11/07/2013  11:39:53  PAGE 12


  D:008CH         PUBLIC        TH0
  B:00A8H.0       PUBLIC        EX0
  B:0088H.0       PUBLIC        IT0
  B:00A8H.2       PUBLIC        EX1
  B:0088H.2       PUBLIC        IT1
  D:008AH         PUBLIC        TL0
  D:00D0H         PUBLIC        PSW
  -------         PROC          EXTI_INIT
  C:1546H         LINE#         16
  C:1546H         LINE#         17
  C:1546H         LINE#         18
  C:1548H         LINE#         19
  C:154AH         LINE#         20
  C:154CH         LINE#         21
  C:154EH         LINE#         22
  C:1550H         LINE#         23
  -------         ENDPROC       EXTI_INIT
  -------         PROC          EXT_INT0
  C:1398H         LINE#         28
  C:139FH         LINE#         38
  C:13A1H         LINE#         39
  C:13A3H         LINE#         40
  C:13BEH         LINE#         41
  C:13CAH         LINE#         42
  C:13D8H         LINE#         43
  C:13DEH         LINE#         44
  C:13E0H         LINE#         45
  -------         ENDPROC       EXT_INT0
  -------         ENDMOD        EXTI

  -------         MODULE        DISPLAY_HAND
  C:0000H         SYMBOL        _ICE_DUMMY_
  D:0080H         PUBLIC        P0
  D:0090H         PUBLIC        P1
  D:00A0H         PUBLIC        P2
  D:00B0H         PUBLIC        P3
  D:00C0H         PUBLIC        P4
  D:00C8H         PUBLIC        P5
  B:00C0H.5       PUBLIC        LED0
  B:0090H.4       PUBLIC        LED1
  B:0090H.5       PUBLIC        LED2
  D:00A8H         PUBLIC        IE
  D:00B8H         PUBLIC        IP
  D:00D8H         PUBLIC        CCON
  D:0098H         PUBLIC        SCON
  D:0088H         PUBLIC        TCON
  D:00F0H         PUBLIC        B
  D:00E0H         PUBLIC        ACC
  C:073EH         PUBLIC        display_hand
  D:00D0H         PUBLIC        PSW
  -------         PROC          DISPLAY_HAND
  -------         DO            
  D:0004H         SYMBOL        Temp
  D:0005H         SYMBOL        datmp1
  D:0001H         SYMBOL        datmp2
  D:0067H         SYMBOL        datmp3
  D:0068H         SYMBOL        datmp4
BL51 BANKED LINKER/LOCATER V6.22                                                      11/07/2013  11:39:53  PAGE 13


  -------         ENDDO         
  C:073EH         LINE#         12
  C:073EH         LINE#         13
  C:073EH         LINE#         121
  C:0740H         LINE#         122
  C:0742H         LINE#         123
  C:0745H         LINE#         124
  C:0748H         LINE#         125
  C:074EH         LINE#         126
  C:074EH         LINE#         127
  C:0750H         LINE#         128
  C:0754H         LINE#         129
  C:075CH         LINE#         130
  C:075CH         LINE#         133
  C:075CH         LINE#         135
  C:0761H         LINE#         136
  C:0766H         LINE#         137
  C:076BH         LINE#         138
  C:0770H         LINE#         139
  C:0775H         LINE#         140
  C:077AH         LINE#         143
  C:077FH         LINE#         144
  C:0784H         LINE#         145
  C:0789H         LINE#         146
  C:078EH         LINE#         147
  C:0793H         LINE#         148
  C:0798H         LINE#         149
  C:079DH         LINE#         151
  C:07A2H         LINE#         152
  C:07A7H         LINE#         153
  C:07ACH         LINE#         154
  C:07B1H         LINE#         155
  C:07B6H         LINE#         157
  C:07BBH         LINE#         158
  C:07C0H         LINE#         159
  C:07C5H         LINE#         160
  C:07CAH         LINE#         161
  C:07CFH         LINE#         162
  C:07D4H         LINE#         163
  C:07D9H         LINE#         165
  C:0801H         LINE#         166
  C:0801H         LINE#         168
  C:0801H         LINE#         171
  C:0801H         LINE#         172
  C:080AH         LINE#         173
  C:080AH         LINE#         174
  C:080AH         LINE#         175
  C:080AH         LINE#         178
  C:0825H         LINE#         179
  C:0839H         LINE#         180
  C:085FH         LINE#         182
  C:0862H         LINE#         183
  C:0862H         LINE#         184
  C:0862H         LINE#         186
  C:0862H         LINE#         187
  C:086AH         LINE#         188
  C:0873H         LINE#         189
BL51 BANKED LINKER/LOCATER V6.22                                                      11/07/2013  11:39:53  PAGE 14


  C:0884H         LINE#         190
  C:0884H         LINE#         191
  C:08A3H         LINE#         192
  C:08ABH         LINE#         193
  C:08E4H         LINE#         194
  C:08ECH         LINE#         195
  C:0926H         LINE#         196
  C:092EH         LINE#         197
  C:092EH         LINE#         198
  C:0932H         LINE#         199
  C:0932H         LINE#         200
  C:0955H         LINE#         201
  C:095DH         LINE#         202
  C:095DH         LINE#         203
  C:0964H         LINE#         204
  C:0964H         LINE#         205
  C:09A0H         LINE#         206
  C:09A8H         LINE#         207
  C:09E4H         LINE#         208
  C:09ECH         LINE#         209
  C:09ECH         LINE#         210
  C:09ECH         LINE#         211
  C:09ECH         LINE#         214
  C:09ECH         LINE#         216
  C:0A19H         LINE#         217
  C:0A19H         LINE#         218
  C:0A20H         LINE#         219
  C:0A27H         LINE#         220
  C:0A2AH         LINE#         221
  C:0A2DH         LINE#         222
  C:0A30H         LINE#         223
  C:0A32H         LINE#         224
  C:0A34H         LINE#         225
  C:0A36H         LINE#         226
  C:0A39H         LINE#         228
  C:0A3BH         LINE#         229
  C:0A3DH         LINE#         230
  C:0A43H         LINE#         231
  C:0A46H         LINE#         232
  C:0A46H         LINE#         234
  -------         ENDPROC       DISPLAY_HAND
  -------         ENDMOD        DISPLAY_HAND

  -------         MODULE        MAIN
  C:0000H         SYMBOL        _ICE_DUMMY_
  D:0080H         PUBLIC        P0
  D:0090H         PUBLIC        P1
  D:00A0H         PUBLIC        P2
  D:00B0H         PUBLIC        P3
  D:00C0H         PUBLIC        P4
  D:00C8H         PUBLIC        P5
  D:00A8H         PUBLIC        IE
  D:00B8H         PUBLIC        IP
  D:00D8H         PUBLIC        CCON
  C:0CA9H         PUBLIC        main
  D:0098H         PUBLIC        SCON
  D:0088H         PUBLIC        TCON
BL51 BANKED LINKER/LOCATER V6.22                                                      11/07/2013  11:39:53  PAGE 15


  D:00F0H         PUBLIC        B
  D:00E0H         PUBLIC        ACC
  D:00D0H         PUBLIC        PSW
  -------         PROC          MAIN
  -------         DO            
  D:0004H         SYMBOL        i
  D:0065H         SYMBOL        j
  -------         ENDDO         
  C:0CA9H         LINE#         53
  C:0CA9H         LINE#         54
  C:0CA9H         LINE#         58
  C:0CACH         LINE#         59
  C:0CAFH         LINE#         80
  C:0CB4H         LINE#         81
  C:0CB8H         LINE#         82
  C:0CB8H         LINE#         83
  C:0CE3H         LINE#         84
  C:0D13H         LINE#         85
  C:0D43H         LINE#         86
  C:0D73H         LINE#         87
  C:0D7BH         LINE#         88
  C:0D8FH         LINE#         89
  C:0D94H         LINE#         90
  C:0D96H         LINE#         91
  C:0D96H         LINE#         92
  C:0DCEH         LINE#         93
  C:0DFFH         LINE#         95
  C:0E0AH         LINE#         104
  C:0E0CH         LINE#         105
  C:0E0CH         LINE#         106
  C:0E16H         LINE#         107
  C:0E1AH         LINE#         112
  C:0E1AH         LINE#         113
  C:0E1AH         LINE#         115
  C:0E1DH         LINE#         125
  C:0E29H         LINE#         126
  C:0E29H         LINE#         127
  C:0E29H         LINE#         129
  C:0E2CH         LINE#         135
  C:0E2EH         LINE#         136
  C:0E2EH         LINE#         139
  C:0E31H         LINE#         141
  C:0E33H         LINE#         142
  C:0E33H         LINE#         145
  C:0E36H         LINE#         146
  -------         ENDPROC       MAIN
  -------         ENDMOD        MAIN

  -------         MODULE        IR_KEY
  C:0000H         SYMBOL        _ICE_DUMMY_
  D:0080H         PUBLIC        P0
  D:0090H         PUBLIC        P1
  D:00A0H         PUBLIC        P2
  D:00B0H         PUBLIC        P3
  D:00C0H         PUBLIC        P4
  D:00C8H         PUBLIC        P5
  B:0020H.0       PUBLIC        pic_o_falg
BL51 BANKED LINKER/LOCATER V6.22                                                      11/07/2013  11:39:53  PAGE 16


  D:00A8H         PUBLIC        IE
  B:0020H.1       PUBLIC        rotate_falg
  B:0020H.2       PUBLIC        minute_flag
  D:00B8H         PUBLIC        IP
  B:0020H.3       PUBLIC        right_falg
  D:00D8H         PUBLIC        CCON
  B:0020H.4       PUBLIC        month_flag
  B:0020H.5       PUBLIC        left_flag
  B:0020H.6       PUBLIC        year_flag
  B:0020H.7       PUBLIC        menu_flag
  D:0098H         PUBLIC        SCON
  D:0088H         PUBLIC        TCON
  B:0021H.0       PUBLIC        esc_flag
  B:0021H.1       PUBLIC        day_falg
  B:0021H.2       PUBLIC        hour_flag
  B:0021H.3       PUBLIC        test_flag
  D:00F0H         PUBLIC        B
  D:00E0H         PUBLIC        ACC
  C:0E38H         PUBLIC        key_cont
  D:001AH         PUBLIC        DIS_MODE
  D:00D0H         PUBLIC        PSW
  B:0021H.4       PUBLIC        second_falg
  -------         PROC          KEY_CONT
  C:0E38H         LINE#         22
  C:0E38H         LINE#         23
  C:0E38H         LINE#         24
  C:0E3EH         LINE#         25
  C:0E3EH         LINE#         26
  C:0E40H         LINE#         27
  C:0E43H         LINE#         28
  C:0E46H         LINE#         29
  C:0E46H         LINE#         30
  C:0E48H         LINE#         33
  C:0E78H         LINE#         34
  C:0E78H         LINE#         35
  C:0E78H         LINE#         36
  C:0E7AH         LINE#         37
  C:0E7CH         LINE#         38
  C:0E7CH         LINE#         39
  C:0E7EH         LINE#         40
  C:0E80H         LINE#         41
  C:0E80H         LINE#         42
  C:0E82H         LINE#         43
  C:0E84H         LINE#         44
  C:0E84H         LINE#         45
  C:0E86H         LINE#         46
  C:0E88H         LINE#         47
  C:0E88H         LINE#         48
  C:0E8AH         LINE#         49
  C:0E8CH         LINE#         50
  C:0E8CH         LINE#         51
  C:0E8EH         LINE#         52
  C:0E90H         LINE#         53
  C:0E90H         LINE#         54
  C:0E92H         LINE#         55
  C:0E94H         LINE#         56
  C:0E94H         LINE#         57
BL51 BANKED LINKER/LOCATER V6.22                                                      11/07/2013  11:39:53  PAGE 17


  C:0E96H         LINE#         58
  C:0E98H         LINE#         59
  C:0E98H         LINE#         60
  C:0E9AH         LINE#         61
  C:0E9CH         LINE#         62
  C:0E9CH         LINE#         63
  C:0E9EH         LINE#         64
  C:0EA0H         LINE#         65
  C:0EA0H         LINE#         66
  C:0EA2H         LINE#         67
  C:0EA4H         LINE#         68
  C:0EA4H         LINE#         69
  C:0EA6H         LINE#         70
  C:0EA8H         LINE#         71
  C:0EA8H         LINE#         72
  C:0EAAH         LINE#         73
  C:0EAAH         LINE#         74
  C:0EAAH         LINE#         75
  C:0EAAH         LINE#         76
  C:0EAAH         LINE#         78
  C:0EAAH         LINE#         79
  C:0EADH         LINE#         80
  C:0EADH         LINE#         81
  C:0EAFH         LINE#         85
  C:0EB1H         LINE#         92
  C:0EB8H         LINE#         93
  C:0EBBH         LINE#         94
  C:0EBBH         LINE#         95
  C:0EBEH         LINE#         96
  C:0EBEH         LINE#         97
  C:0EC0H         LINE#         105
  C:0EC0H         LINE#         106
  C:0EC3H         LINE#         107
  C:0EC3H         LINE#         108
  C:0EC5H         LINE#         113
  C:0EC5H         LINE#         114
  C:0EC8H         LINE#         115
  C:0EC8H         LINE#         116
  C:0ECAH         LINE#         117
  C:0ECCH         LINE#         118
  C:0ED3H         LINE#         119
  C:0ED6H         LINE#         120
  C:0ED6H         LINE#         121
  C:0ED9H         LINE#         122
  C:0ED9H         LINE#         123
  C:0EDBH         LINE#         124
  C:0EDDH         LINE#         125
  C:0EE4H         LINE#         126
  C:0EE4H         LINE#         127
  C:0EE7H         LINE#         128
  C:0EE9H         LINE#         129
  C:0EF0H         LINE#         130
  C:0EF3H         LINE#         131
  C:0EF3H         LINE#         132
  C:0EF3H         LINE#         133
  C:0EF6H         LINE#         134
  C:0EF6H         LINE#         135
BL51 BANKED LINKER/LOCATER V6.22                                                      11/07/2013  11:39:53  PAGE 18


  C:0EF8H         LINE#         136
  C:0EFAH         LINE#         137
  C:0F01H         LINE#         138
  C:0F04H         LINE#         139
  C:0F04H         LINE#         140
  C:0F07H         LINE#         141
  C:0F07H         LINE#         142
  C:0F09H         LINE#         143
  C:0F0BH         LINE#         144
  C:0F12H         LINE#         145
  C:0F15H         LINE#         146
  C:0F15H         LINE#         147
  C:0F18H         LINE#         148
  C:0F18H         LINE#         149
  C:0F1AH         LINE#         150
  C:0F1CH         LINE#         151
  C:0F23H         LINE#         152
  C:0F26H         LINE#         153
  C:0F26H         LINE#         154
  C:0F29H         LINE#         155
  C:0F29H         LINE#         156
  C:0F2BH         LINE#         157
  C:0F2DH         LINE#         158
  C:0F34H         LINE#         159
  C:0F37H         LINE#         160
  C:0F37H         LINE#         161
  C:0F37H         LINE#         162
  C:0F37H         LINE#         164
  C:0F37H         LINE#         165
  C:0F37H         LINE#         166
  C:0F37H         LINE#         168
  C:0F37H         LINE#         169
  C:0F37H         LINE#         170
  -------         ENDPROC       KEY_CONT
  -------         ENDMOD        IR_KEY

  -------         MODULE        EEPROM
  C:0000H         SYMBOL        _ICE_DUMMY_
  D:0080H         PUBLIC        P0
  D:0090H         PUBLIC        P1
  D:00A0H         PUBLIC        P2
  D:00B0H         PUBLIC        P3
  C:1525H         PUBLIC        _IapEraseSector
  D:00C0H         PUBLIC        P4
  D:00C8H         PUBLIC        P5
  D:00A8H         PUBLIC        IE
  C:150FH         PUBLIC        _IapProgramByte
  D:00C5H         PUBLIC        IAP_CMD
  D:00B8H         PUBLIC        IP
  C:1539H         PUBLIC        IapIdle
  D:00C3H         PUBLIC        IAP_ADDRH
  D:00D8H         PUBLIC        CCON
  D:00C4H         PUBLIC        IAP_ADDRL
  C:14F8H         PUBLIC        _IapReadByte
  D:0098H         PUBLIC        SCON
  D:0088H         PUBLIC        TCON
  D:00F0H         PUBLIC        B
BL51 BANKED LINKER/LOCATER V6.22                                                      11/07/2013  11:39:53  PAGE 19


  D:00C7H         PUBLIC        IAP_CONTR
  D:00E0H         PUBLIC        ACC
  D:00C2H         PUBLIC        IAP_DATA
  D:00C6H         PUBLIC        IAP_TRIG
  D:00D0H         PUBLIC        PSW
  -------         PROC          IAPIDLE
  C:1539H         LINE#         35
  C:1539H         LINE#         36
  C:1539H         LINE#         37
  C:153CH         LINE#         38
  C:153EH         LINE#         39
  C:1540H         LINE#         40
  C:1543H         LINE#         41
  C:1545H         LINE#         42
  -------         ENDPROC       IAPIDLE
  -------         PROC          _IAPREADBYTE
  D:0006H         SYMBOL        addr
  -------         DO            
  D:0007H         SYMBOL        dat
  -------         ENDDO         
  C:14F8H         LINE#         47
  C:14F8H         LINE#         48
  C:14F8H         LINE#         51
  C:14FBH         LINE#         52
  C:14FEH         LINE#         53
  C:1500H         LINE#         54
  C:1502H         LINE#         55
  C:1505H         LINE#         56
  C:1508H         LINE#         57
  C:1509H         LINE#         58
  C:150BH         LINE#         59
  C:150EH         LINE#         61
  C:150EH         LINE#         62
  -------         ENDPROC       _IAPREADBYTE
  -------         PROC          _IAPPROGRAMBYTE
  D:0006H         SYMBOL        addr
  D:0005H         SYMBOL        dat
  C:150FH         LINE#         67
  C:150FH         LINE#         68
  C:150FH         LINE#         69
  C:1512H         LINE#         70
  C:1515H         LINE#         71
  C:1517H         LINE#         72
  C:1519H         LINE#         73
  C:151BH         LINE#         74
  C:151EH         LINE#         75
  C:1521H         LINE#         76
  C:1522H         LINE#         77
  -------         ENDPROC       _IAPPROGRAMBYTE
  -------         PROC          _IAPERASESECTOR
  D:0006H         SYMBOL        addr
  C:1525H         LINE#         83
  C:1525H         LINE#         84
  C:1525H         LINE#         85
  C:1528H         LINE#         86
  C:152BH         LINE#         87
  C:152DH         LINE#         88
BL51 BANKED LINKER/LOCATER V6.22                                                      11/07/2013  11:39:53  PAGE 20


  C:152FH         LINE#         89
  C:1532H         LINE#         90
  C:1535H         LINE#         91
  C:1536H         LINE#         92
  -------         ENDPROC       _IAPERASESECTOR
  -------         ENDMOD        EEPROM

  -------         MODULE        DISPLAY_FIGURE
  C:0000H         SYMBOL        _ICE_DUMMY_
  D:0080H         PUBLIC        P0
  D:0090H         PUBLIC        P1
  D:00A0H         PUBLIC        P2
  D:00B0H         PUBLIC        P3
  D:00C0H         PUBLIC        P4
  D:00C8H         PUBLIC        P5
  B:00C0H.5       PUBLIC        LED0
  B:0090H.4       PUBLIC        LED1
  D:00A8H         PUBLIC        IE
  D:00B8H         PUBLIC        IP
  D:00D8H         PUBLIC        CCON
  D:0098H         PUBLIC        SCON
  D:0088H         PUBLIC        TCON
  D:00F0H         PUBLIC        B
  X:0438H         PUBLIC        disp_time
  D:00E0H         PUBLIC        ACC
  C:0A47H         PUBLIC        display_figure
  C:122AH         SYMBOL        time_refurbish
  D:00D0H         PUBLIC        PSW
  -------         PROC          TIME_REFURBISH
  C:122AH         LINE#         6
  C:122AH         LINE#         7
  C:122AH         LINE#         35
  C:1234H         LINE#         36
  C:123EH         LINE#         39
  C:1242H         LINE#         40
  C:124AH         LINE#         41
  C:1254H         LINE#         42
  C:1258H         LINE#         43
  C:1260H         LINE#         44
  C:126AH         LINE#         45
  C:1274H         LINE#         46
  C:1280H         LINE#         47
  C:1286H         LINE#         48
  C:1290H         LINE#         49
  C:129CH         LINE#         50
  C:12A2H         LINE#         51
  C:12ACH         LINE#         52
  C:12B8H         LINE#         53
  -------         ENDPROC       TIME_REFURBISH
  -------         PROC          DISPLAY_FIGURE
  -------         DO            
  D:0067H         SYMBOL        temp
  -------         ENDDO         
  C:0A47H         LINE#         63
  C:0A47H         LINE#         64
  C:0A47H         LINE#         66
  C:0A4AH         LINE#         67
BL51 BANKED LINKER/LOCATER V6.22                                                      11/07/2013  11:39:53  PAGE 21


  C:0A50H         LINE#         68
  C:0A50H         LINE#         69
  C:0A52H         LINE#         70
  C:0A57H         LINE#         71
  C:0A5DH         LINE#         72
  C:0A60H         LINE#         73
  C:0A6AH         LINE#         74
  C:0A6AH         LINE#         75
  C:0A77H         LINE#         76
  C:0A77H         LINE#         79
  C:0AA7H         LINE#         80
  C:0ABDH         LINE#         81
  C:0ABDH         LINE#         83
  C:0AC0H         LINE#         84
  C:0AD0H         LINE#         85
  C:0AD0H         LINE#         86
  C:0B28H         LINE#         87
  C:0B46H         LINE#         88
  C:0B46H         LINE#         90
  C:0B49H         LINE#         91
  C:0B56H         LINE#         92
  C:0B56H         LINE#         93
  C:0B9CH         LINE#         94
  C:0BB7H         LINE#         95
  C:0BB7H         LINE#         97
  C:0BBAH         LINE#         98
  C:0BC7H         LINE#         99
  C:0BC7H         LINE#         100
  C:0C0DH         LINE#         101
  C:0C28H         LINE#         102
  C:0C28H         LINE#         104
  C:0C2AH         LINE#         105
  C:0C38H         LINE#         106
  C:0C38H         LINE#         107
  C:0C3EH         LINE#         109
  C:0C40H         LINE#         110
  C:0C4EH         LINE#         111
  C:0C4EH         LINE#         112
  C:0C5AH         LINE#         114
  C:0C5AH         LINE#         115
  C:0C70H         LINE#         116
  C:0C7DH         LINE#         117
  C:0C81H         LINE#         118
  C:0C88H         LINE#         120
  C:0C8FH         LINE#         121
  C:0C92H         LINE#         122
  C:0C95H         LINE#         123
  C:0C98H         LINE#         124
  C:0C9BH         LINE#         125
  C:0C9FH         LINE#         126
  C:0CA5H         LINE#         127
  C:0CA8H         LINE#         128
  C:0CA8H         LINE#         129
  C:0CA8H         LINE#         130
  -------         ENDPROC       DISPLAY_FIGURE
  -------         ENDMOD        DISPLAY_FIGURE

BL51 BANKED LINKER/LOCATER V6.22                                                      11/07/2013  11:39:53  PAGE 22


  -------         MODULE        ?C?SIDIV
  C:100AH         PUBLIC        ?C?SIDIV
  -------         ENDMOD        ?C?SIDIV

  -------         MODULE        ?C?OFFXADD
  C:1040H         PUBLIC        ?C?OFFXADD
  -------         ENDMOD        ?C?OFFXADD

  -------         MODULE        ?C?CCASE
  C:104CH         PUBLIC        ?C?CCASE
  -------         ENDMOD        ?C?CCASE

  -------         MODULE        ?C?UIDIV
  C:1072H         PUBLIC        ?C?UIDIV
  -------         ENDMOD        ?C?UIDIV

*** WARNING L16: UNCALLED SEGMENT, IGNORED FOR OVERLAY PROCESS
    SEGMENT: ?PR?_IAPPROGRAMBYTE?EEPROM

*** WARNING L16: UNCALLED SEGMENT, IGNORED FOR OVERLAY PROCESS
    SEGMENT: ?PR?_IAPERASESECTOR?EEPROM

*** WARNING L1: UNRESOLVED EXTERNAL SYMBOL
    SYMBOL:  NUM
    MODULE:  .\HEX\Time.obj (TIME)

*** WARNING L2: REFERENCE MADE TO UNRESOLVED EXTERNAL
    SYMBOL:  NUM
    MODULE:  .\HEX\Time.obj (TIME)
    ADDRESS: 0FCFH

*** WARNING L2: REFERENCE MADE TO UNRESOLVED EXTERNAL
    SYMBOL:  NUM
    MODULE:  .\HEX\Time.obj (TIME)
    ADDRESS: 0FD1H

*** WARNING L2: REFERENCE MADE TO UNRESOLVED EXTERNAL
    SYMBOL:  NUM
    MODULE:  .\HEX\Time.obj (TIME)
    ADDRESS: 0FD5H

*** WARNING L2: REFERENCE MADE TO UNRESOLVED EXTERNAL
    SYMBOL:  NUM
    MODULE:  .\HEX\Time.obj (TIME)
    ADDRESS: 0FDAH

*** WARNING L2: REFERENCE MADE TO UNRESOLVED EXTERNAL
    SYMBOL:  NUM
    MODULE:  .\HEX\Time.obj (TIME)
    ADDRESS: 0FE0H

*** WARNING L2: REFERENCE MADE TO UNRESOLVED EXTERNAL
    SYMBOL:  NUM
    MODULE:  .\HEX\Time.obj (TIME)
    ADDRESS: 0FE3H

Program Size: data=109.5 xdata=1099 code=5465
BL51 BANKED LINKER/LOCATER V6.22                                                      11/07/2013  11:39:53  PAGE 23


LINK/LOCATE RUN COMPLETE.  9 WARNING(S),  0 ERROR(S)
